[www.aleztravel.az/hotels.html]
[backblue.gif]
[fade.gif]
[index.html]
[cdn.jsdelivr.net/npm/select2@4.1.0-rc.0/dist/css/select2.min.css]
[cdn.jsdelivr.net/npm/alertifyjs@1.13.1/build/css/alertify.min.css]
[www.aleztravel.az/front/css/style.css]
[www.aleztravel.az/img/logo.png]
[www.aleztravel.az/img/logo1.png]
[www.aleztravel.az/stories.html]
[www.aleztravel.az/index.html]
[www.aleztravel.az/blogs.html]
[www.aleztravel.az/contact.html]
[www.aleztravel.az/cooperative.html]
[www.aleztravel.az/about.html]
[www.aleztravel.az/fb]
[www.aleztravel.az/tv]
[www.aleztravel.az/+994508707808]
[www.aleztravel.az/img/h-h.jpg]
[www.aleztravel.az/hotel/doubletree-by-hilton-istanbul-topkapi-hotel-5.html]
[www.aleztravel.az/img/hotel/6217a890bb51a.jpg]
[www.aleztravel.az/hotel/maxx-royal-belek-golf-resort.html]
[www.aleztravel.az/img/hotel/6217df834d421.jpg]
[www.aleztravel.az/hotel/pullman-maldives-all-inclusive-resort.html]
[www.aleztravel.az/img/hotel/6217e094704c8.jpg]
[www.aleztravel.az/cdn-cgi/l/email-protection.html]
[www.aleztravel.az/cdn-cgi/scripts/5c5dd728/cloudflare-static/email-decode.min.js]
[www.aleztravel.az/front/js/jquery.min.js]
[www.aleztravel.az/front/js/jquery-ui.min.js]
[www.aleztravel.az/front/js/lightgallery.js]
[www.aleztravel.az/front/js/jquery.mousewheel.min.js]
[www.aleztravel.az/front/js/slick.min.js]
[www.aleztravel.az/front/js/hammer.js]
[www.aleztravel.az/front/js/scripts.js]
[cdn.jsdelivr.net/npm/select2@4.1.0-rc.0/dist/js/select2.min.js]
[www.aleztravel.az/hotels.html]
[cdn.jsdelivr.net/npm/select2@4.1.0-rc.0/dist/css/select2.min.css]
[cdn.jsdelivr.net/npm/alertifyjs@1.13.1/build/css/alertify.min.css]
[cdn.jsdelivr.net/npm/alertifyjs@1.13.1/build/alertify.min.js]
[www.aleztravel.az/front/css/slick.css]
[www.aleztravel.az/front/css/slick-theme.css]
[www.aleztravel.az/front/css/jquery-ui.min.css]
[www.aleztravel.az/front/css/lightgallery.min.css]
[www.aleztravel.az/front/css/lg-transitions.min.css]
[www.aleztravel.az/front/img/pag-arrow.svg]
[www.aleztravel.az/front/img/pag-arrow-hover.svg]
[www.aleztravel.az/front/img/left-arrow.svg]
[www.aleztravel.az/front/img/right-arrow.svg]
[www.aleztravel.az/front/img/close.svg]
[www.aleztravel.az/front/img/check-mark.svg]
[www.aleztravel.az/front/img/soc-close.svg]
[www.aleztravel.az/front/img/user.svg]
[www.aleztravel.az/front/img/user-hover.svg]
[www.aleztravel.az/front/img/search-icon.svg]
[www.aleztravel.az/front/img/search-hover.svg]
[www.aleztravel.az/front/img/bookmark.svg]
[www.aleztravel.az/front/img/bookmark-active.svg]
[www.aleztravel.az/front/img/star.svg]
[www.aleztravel.az/front/img/star-active.svg]
[www.aleztravel.az/front/img/geo.svg]
[www.aleztravel.az/front/img/plus.svg]
[www.aleztravel.az/front/img/minus.svg]
[www.aleztravel.az/img/subscribe-bg.jpg]
[www.aleztravel.az/front/img/mail.svg]
[www.aleztravel.az/front/img/instagram-icon.svg]
[www.aleztravel.az/front/img/facebook-logo.svg]
[www.aleztravel.az/front/img/instagram-logo.svg]
[www.aleztravel.az/front/img/pinterest.svg]
[www.aleztravel.az/front/img/twitter-logo.svg]
[www.aleztravel.az/front/img/wp.png]
[www.aleztravel.az/front/img/minus-2.svg]
[www.aleztravel.az/front/img/plus-2.svg]
[www.aleztravel.az/front/img/star-dark.svg]
[www.aleztravel.az/front/img/pag-arrow-hover-blue.svg]
[www.aleztravel.az/front/img/close-red.svg]
[www.aleztravel.az/front/img/geo-red.svg]
[www.aleztravel.az/front/img/search-black.svg]
[www.aleztravel.az/front/img/quote.svg]
[www.aleztravel.az/front/img/facebook-logo-black.svg]
[www.aleztravel.az/front/img/instagram-logo-black.svg]
[www.aleztravel.az/front/img/pinterest-black.svg]
[www.aleztravel.az/front/img/twitter-logo-black.svg]
[www.aleztravel.az/front/css/style.css]
[www.aleztravel.az/front/img/logo.svg]
[www.aleztravel.az/img/header/6213cf2531555.jpg]
[www.aleztravel.az/cities/istanbul.html]
[www.aleztravel.az/img/header/6213d07289235.jpg]
[www.aleztravel.az/cities/rusiya.html]
[www.aleztravel.az/img/header/6213de5b11a99.jpg]
[www.aleztravel.az/cities/misir.html]
[www.aleztravel.az/img/header/6213d79b59e52.jpg]
[www.aleztravel.az/cities/bee.html]
[www.aleztravel.az/img/header/6213dfc58622c.jpg]
[www.aleztravel.az/cities/avropa.html]
[www.aleztravel.az/img/header/6217dc5a4c7f9.jpg]
[www.aleztravel.az/cities/bali.html]
[www.aleztravel.az/img/header/6217dd2991dda.jpg]
[www.aleztravel.az/cities/maldiv-adalari.html]
[www.aleztravel.az/country/azerbaycan.html]
[www.aleztravel.az/img/country/6213d8bf82c75.jpg]
[www.aleztravel.az/country/turkiye.html]
[www.aleztravel.az/img/country/6213d80784ae3.jpg]
[www.aleztravel.az/country/bee.html]
[www.aleztravel.az/img/country/6213d2e00117d.jpg]
[www.aleztravel.az/country/rusiya.html]
[www.aleztravel.az/img/country/6213d97c8aace.jpg]
[www.aleztravel.az/country/misir.html]
[www.aleztravel.az/img/country/6213daac15168.jpg]
[www.aleztravel.az/country/avropa.html]
[www.aleztravel.az/img/country/6213ddeea7a4d.jpg]
[www.aleztravel.az/country/maldiv-adalari.html]
[www.aleztravel.az/img/country/6217d698d1847.jpg]
[www.aleztravel.az/country/tayland.html]
[www.aleztravel.az/img/country/6217d6cc03bc2.jpg]
[www.aleztravel.az/country/indoneziya.html]
[www.aleztravel.az/img/country/6217d96d4b374.jpg]
[www.aleztravel.az/country/sri-lanka.html]
[www.aleztravel.az/img/country/6217db4a9cf78.jpg]
[www.aleztravel.az/story/birkart.html]
[www.aleztravel.az/img/story/6214b8cbe6aec.jpg]
[www.aleztravel.az/img/story/6214b8cbe608e.png]
[www.aleztravel.az/story/tamkart.html]
[www.aleztravel.az/img/story/6214b99b85a99.jpg]
[www.aleztravel.az/img/story/6214b99b859bc.jpg]
[www.aleztravel.az/blog/gblog-name.html]
[www.aleztravel.az/img/blog/6213ab5f00bab.jpg]
[www.aleztravel.az/index.html]
[www.aleztravel.az/stories.html]
[www.aleztravel.az/blogs.html]
[www.aleztravel.az/contact.html]
[www.aleztravel.az/img/coo/6217dcb44a747.jpg]
[www.aleztravel.az/cooperative.html]
[www.aleztravel.az/img/cer/6217d37f16751.jpg]
[www.aleztravel.az/about.html]
[www.aleztravel.az/fb.html]
[www.aleztravel.az/tv.html]
[www.aleztravel.az/+994508707808.html]
[www.aleztravel.az/img/star-dark.svg]
[www.aleztravel.az/img/star-active.svg]
[www.aleztravel.az/img/hotel/6217a890bead6.jpg]
[www.aleztravel.az/front/img/demo-bg.jpg]
[www.aleztravel.az/hotel/doubletree-by-hilton-istanbul-topkapi-hotel-5.html]
[www.aleztravel.az/hotel/maxx-royal-belek-golf-resort.html]
[www.aleztravel.az/hotel/pullman-maldives-all-inclusive-resort.html]
[www.aleztravel.az/cdn-cgi/l/email-protection.html]
[www.aleztravel.az/front/css/slick.css]
[www.aleztravel.az/front/css/slick-theme.css]
[www.aleztravel.az/front/css/jquery-ui.min.css]
[www.aleztravel.az/front/fonts/lgd641.eot]
[www.aleztravel.az/front/fonts/lgd41d.eot]
[www.aleztravel.az/front/fonts/lgd641.woff]
[www.aleztravel.az/front/fonts/lgd641.ttf]
[www.aleztravel.az/front/fonts/lgd641.svg]
[www.aleztravel.az/front/img/vimeo-play.png]
[www.aleztravel.az/front/img/video-play.png]
[www.aleztravel.az/front/img/youtube-play.png]
[www.aleztravel.az/front/img/loading.gif]
[www.aleztravel.az/front/css/lightgallery.min.css]
[www.aleztravel.az/front/css/lg-transitions.min.css]
[www.aleztravel.az/front/img/pag-arrow.svg]
[www.aleztravel.az/front/img/pag-arrow-hover.svg]
[www.aleztravel.az/front/img/left-arrow.svg]
[www.aleztravel.az/front/img/right-arrow.svg]
[www.aleztravel.az/front/img/close.svg]
[www.aleztravel.az/front/img/check-mark.svg]
[www.aleztravel.az/front/img/soc-close.svg]
[www.aleztravel.az/front/img/user.svg]
[www.aleztravel.az/front/img/user-hover.svg]
[www.aleztravel.az/front/img/search-icon.svg]
[www.aleztravel.az/front/img/search-hover.svg]
[www.aleztravel.az/front/img/bookmark.svg]
[www.aleztravel.az/front/img/bookmark-active.svg]
[www.aleztravel.az/front/img/star.svg]
[www.aleztravel.az/front/img/star-active.svg]
[www.aleztravel.az/front/img/geo.svg]
[www.aleztravel.az/front/img/plus.svg]
[www.aleztravel.az/front/img/minus.svg]
[www.aleztravel.az/front/img/mail.svg]
[www.aleztravel.az/front/img/instagram-icon.svg]
[www.aleztravel.az/front/img/facebook-logo.svg]
[www.aleztravel.az/front/img/instagram-logo.svg]
[www.aleztravel.az/front/img/pinterest.svg]
[www.aleztravel.az/front/img/twitter-logo.svg]
[www.aleztravel.az/front/img/minus-2.svg]
[www.aleztravel.az/front/img/plus-2.svg]
[www.aleztravel.az/front/img/star-dark.svg]
[www.aleztravel.az/front/img/pag-arrow-hover-blue.svg]
[www.aleztravel.az/front/img/close-red.svg]
[www.aleztravel.az/front/img/geo-red.svg]
[www.aleztravel.az/front/img/search-black.svg]
[www.aleztravel.az/front/img/quote.svg]
[www.aleztravel.az/front/img/facebook-logo-black.svg]
[www.aleztravel.az/front/img/instagram-logo-black.svg]
[www.aleztravel.az/front/img/pinterest-black.svg]
[www.aleztravel.az/front/img/twitter-logo-black.svg]
[www.aleztravel.az/front/img/logo.svg]
[www.aleztravel.az/city-hotels/istanbul.html]
[www.aleztravel.az/img/city/6214b22362152.jpg]
[www.aleztravel.az/city-hotels/antalya.html]
[www.aleztravel.az/img/city/6214b3c37469a.jpg]
[www.aleztravel.az/city-hotels/bodrum.html]
[www.aleztravel.az/img/city/6214b42a851a1.jpg]
[www.aleztravel.az/city-hotels/alanya.html]
[www.aleztravel.az/img/city/6214b48d46a0b.jpg]
[www.aleztravel.az/city-hotels/izmir.html]
[www.aleztravel.az/img/city/6214b5dc49d59.jpg]
[www.aleztravel.az/city-hotels/kusadasi.html]
[www.aleztravel.az/img/city/6214baf43dfbb.jpg]
[www.aleztravel.az/city-hotels/marmaris.html]
[www.aleztravel.az/img/city/6214cfc69cf32.jpg]
[www.aleztravel.az/cities/istanbul.html]
[www.aleztravel.az/city-hotels/moskva.html]
[www.aleztravel.az/img/city/6214c03fb327c.jpg]
[www.aleztravel.az/city-hotels/sankt-peterburq.html]
[www.aleztravel.az/img/city/6214c0b9ec33f.jpg]
[www.aleztravel.az/city-hotels/kazan.html]
[www.aleztravel.az/img/city/6214d0224d94a.jpg]
[www.aleztravel.az/city-hotels/nijniy-novqorod.html]
[www.aleztravel.az/img/city/6214d070324ee.jpg]
[www.aleztravel.az/city-hotels/ekaterinburq.html]
[www.aleztravel.az/img/city/6214d0f0877d8.jpg]
[www.aleztravel.az/city-hotels/kalininqrad.html]
[www.aleztravel.az/img/city/6214d153100d0.jpg]
[www.aleztravel.az/city-hotels/soci.html]
[www.aleztravel.az/img/city/6214d1d0d3b92.jpg]
[www.aleztravel.az/city-hotels/kislovodsk.html]
[www.aleztravel.az/img/city/6214d2a586057.jpg]
[www.aleztravel.az/cities/rusiya.html]
[www.aleztravel.az/city-hotels/sarm-el-seyx.html]
[www.aleztravel.az/img/city/6214c1a975d53.jpg]
[www.aleztravel.az/city-hotels/xurqada.html]
[www.aleztravel.az/img/city/6214c35280f9d.jpg]
[www.aleztravel.az/cities/misir.html]
[www.aleztravel.az/city-hotels/dubay.html]
[www.aleztravel.az/img/city/6214c59cd9d8a.jpg]
[www.aleztravel.az/city-hotels/abu-dabi.html]
[www.aleztravel.az/img/city/6214c61c350ba.jpg]
[www.aleztravel.az/cities/bee.html]
[www.aleztravel.az/city-hotels/hollandiyaamstderdam.html]
[www.aleztravel.az/img/city/6214d348db250.jpg]
[www.aleztravel.az/city-hotels/ispaniyabarselona.html]
[www.aleztravel.az/img/city/6214d3ce16f82.jpg]
[www.aleztravel.az/city-hotels/ispaniyamadrid.html]
[www.aleztravel.az/img/city/6214d44dd4eed.jpg]
[www.aleztravel.az/city-hotels/almaniyaberlin.html]
[www.aleztravel.az/img/city/6214d78562314.jpg]
[www.aleztravel.az/city-hotels/italiyavenesiya.html]
[www.aleztravel.az/img/city/6214d7db31b76.jpg]
[www.aleztravel.az/city-hotels/avstryavyana.html]
[www.aleztravel.az/img/city/6214d866e5565.jpg]
[www.aleztravel.az/city-hotels/macaristanbudapest.html]
[www.aleztravel.az/img/city/6214d8ef50ae2.jpg]
[www.aleztravel.az/city-hotels/polsavarsava.html]
[www.aleztravel.az/img/city/6214d9709bea9.jpg]
[www.aleztravel.az/city-hotels/isvecrecenevre.html]
[www.aleztravel.az/img/city/6214da6852bf3.jpg]
[www.aleztravel.az/city-hotels/fransaparis.html]
[www.aleztravel.az/img/city/6214dd70c45ec.jpg]
[www.aleztravel.az/cities/avropa.html]
[www.aleztravel.az/cities/bali.html]
[www.aleztravel.az/city-hotels/maldiv-adalari.html]
[www.aleztravel.az/img/city/6217e02d3aa0e.jpg]
[www.aleztravel.az/cities/maldiv-adalari.html]
[www.aleztravel.az/city-hotels/baki.html]
[www.aleztravel.az/img/city/6214b2cb86a00.jpg]
[www.aleztravel.az/country/azerbaycan.html]
[www.aleztravel.az/country/turkiye.html]
[www.aleztravel.az/country/bee.html]
[www.aleztravel.az/country/rusiya.html]
[www.aleztravel.az/country/misir.html]
[www.aleztravel.az/country/avropa.html]
[www.aleztravel.az/country/maldiv-adalari.html]
[www.aleztravel.az/country/tayland.html]
[www.aleztravel.az/country/indoneziya.html]
[www.aleztravel.az/country/sri-lanka.html]
[www.aleztravel.az/story/birkart.html]
[www.aleztravel.az/story/tamkart.html]
[www.aleztravel.az/img/blog/6213ab5f02ae9.png]
[www.aleztravel.az/img/blog/6213ab5f03fc9.png]
[www.aleztravel.az/img/blog/6213ab5f053c9.jpg]
[www.aleztravel.az/img/blog/6213ab5f06d14.jpg]
[www.aleztravel.az/img/blog/6213ab5f08157.jpg]
[www.aleztravel.az/img/blog/6213ab5f08f09.jpg]
[www.aleztravel.az/img/blog/6213ab5f0a2b7.png]
[www.aleztravel.az/blog/gblog-name.html]
[www.aleztravel.az/img/star-dark.html]
[www.aleztravel.az/img/star-active.html]
[www.aleztravel.az/front/fonts/lgd641.html]
[www.aleztravel.az/front/fonts/lgd41d.html]
[www.aleztravel.az/front/fonts/lgd641-2.html]
[www.aleztravel.az/front/fonts/lgd641-3.html]
[www.aleztravel.az/front/fonts/lgd641-4.html]
[www.aleztravel.az/front/img/vimeo-play.html]
[www.aleztravel.az/front/img/video-play.html]
[www.aleztravel.az/front/img/youtube-play.html]
[www.aleztravel.az/front/img/loading.html]
[www.aleztravel.az/city-hotels/istanbul.html]
[www.aleztravel.az/city-hotels/antalya.html]
[www.aleztravel.az/city-hotels/bodrum.html]
[www.aleztravel.az/city-hotels/alanya.html]
[www.aleztravel.az/city-hotels/izmir.html]
[www.aleztravel.az/city-hotels/kusadasi.html]
[www.aleztravel.az/city-hotels/marmaris.html]
[www.aleztravel.az/city-hotels/moskva.html]
[www.aleztravel.az/city-hotels/sankt-peterburq.html]
[www.aleztravel.az/city-hotels/kazan.html]
[www.aleztravel.az/city-hotels/nijniy-novqorod.html]
[www.aleztravel.az/city-hotels/ekaterinburq.html]
[www.aleztravel.az/city-hotels/kalininqrad.html]
[www.aleztravel.az/city-hotels/soci.html]
[www.aleztravel.az/city-hotels/kislovodsk.html]
[www.aleztravel.az/city-hotels/sarm-el-seyx.html]
[www.aleztravel.az/city-hotels/xurqada.html]
[www.aleztravel.az/city-hotels/dubay.html]
[www.aleztravel.az/city-hotels/abu-dabi.html]
[www.aleztravel.az/city-hotels/hollandiyaamstderdam.html]
[www.aleztravel.az/city-hotels/ispaniyabarselona.html]
[www.aleztravel.az/city-hotels/ispaniyamadrid.html]
[www.aleztravel.az/city-hotels/almaniyaberlin.html]
[www.aleztravel.az/city-hotels/italiyavenesiya.html]
[www.aleztravel.az/city-hotels/avstryavyana.html]
[www.aleztravel.az/city-hotels/macaristanbudapest.html]
[www.aleztravel.az/city-hotels/polsavarsava.html]
[www.aleztravel.az/city-hotels/isvecrecenevre.html]
[www.aleztravel.az/city-hotels/fransaparis.html]
[www.aleztravel.az/city-hotels/maldiv-adalari.html]
[www.aleztravel.az/city-hotels/baki.html]
[www.aleztravel.az/hotel/fb.html]
[www.aleztravel.az/hotel/tv.html]
[www.aleztravel.az/hotel/+994508707808.html]
[www.aleztravel.az/cities/fb.html]
[www.aleztravel.az/cities/tv.html]
[www.aleztravel.az/cities/+994508707808.html]
[www.aleztravel.az/country/fb.html]
[www.aleztravel.az/country/tv.html]
[www.aleztravel.az/country/+994508707808.html]
[www.aleztravel.az/story/fb.html]
[www.aleztravel.az/story/tv.html]
[www.aleztravel.az/story/+994508707808.html]
[www.aleztravel.az/blog/fb.html]
[www.aleztravel.az/blog/tv.html]
[www.aleztravel.az/blog/+994508707808.html]
[www.aleztravel.az/city-hotels/fb.html]
[www.aleztravel.az/city-hotels/tv.html]
[www.aleztravel.az/city-hotels/+994508707808.html]
